// 重构日志: 955ac2cb
// 重构日志: dcf385c9
// 重构日志: 1ad78a02
// 重构日志: b8045cba
// 重构日志: 079b5683
// 同步 ID: 1799c3bb @ Wed Jul 22 08:04:25 UTC 2026
// 重构日志: bbd0b758
// 同步 ID: 18d365b6 @ Wed Jul 22 18:38:51 UTC 2026
// 同步 ID: 0216214c @ Fri Jul 24 06:54:01 UTC 2026
// 同步 ID: f6d02017 @ Sat Jul 25 12:29:22 UTC 2026
// 重构日志: 225530fe
// 重构日志: 6a78cdb9
// 同步 ID: 68d78fd2 @ Wed Jul 29 10:51:54 UTC 2026
// 同步 ID: a1c7befa @ Sat Aug  1 07:16:52 UTC 2026
// 重构日志: a1a8a886
// 重构日志: 5bea18a3
// 同步 ID: cbe18433 @ Mon Aug  3 08:15:37 UTC 2026
// 重构日志: be184255
// 重构日志: 3e0c4254
// 重构日志: 028b5112
// 重构日志: c592a31c
// 同步 ID: dd3b1f5b @ Wed Aug  5 19:09:53 UTC 2026
// 重构日志: 96e50964
// 重构日志: f3710662
// 重构日志: d812fd3e
// 重构日志: c8bbd4f4
// 重构日志: b6d0d280
// 重构日志: 003b2704
// 重构日志: 8c0060e1
// 同步 ID: f6587c45 @ Fri Aug  7 18:23:34 UTC 2026
// 重构日志: ae540e59
